<!doctype html>
<html>
  <head>
    <meta charset="utf-8">
    <title>Jasmine Spec Runner</title>
    <link rel="shortcut icon" type="image/png" href="path/to/temp/folder/jasmine_favicon.png">

    <link rel="stylesheet" type="text/css" href="css/a.css">

  </head>
  <body>
    <script src="p1.js"></script>
    <script src="J1.js"></script>
    <script src="J2.js"></script>
    <script src="BOOT.js"></script>
    <script src="BOOT2.js"></script>
    <script src="V1.js"></script>
    <script src="V2.js"></script>
    <script src="H1.js"></script>
    <script src="H2.js"></script>
    <script src="SRC1.js"></script>
    <script src="SRC2.js"></script>
    <script src="SPEC1.js"></script>
    <script src="SPEC2.js"></script>
    <script src="R1.js"></script>
  </body>
</html>